// Jest Snapshot v1, https://goo.gl/fbAQLP

exports[`messages catalog matches the committed catalog snapshot 1`] = `
{
  "about": {
    "heading": "About AgentPay",
    "intro": "AgentPay is a pay-per-request payment protocol for autonomous AI agents and APIs, settled on Stellar via Soroban. Agents accrue usage against registered services off-chain; a settlement worker drains the usage counters and mirrors them on-chain.",
    "navLabel": "Dashboard surfaces",
    "surfacesIntro": "This dashboard exposes every read and write surface the backend provides: service registry, usage metering, billing quotes, audit log, webhooks, API keys, and admin pause/unpause. Use the links below to jump directly to each surface.",
  },
  "docs": {
    "heading": "API documentation",
    "introCompanionPrefix": "Companion to ",
    "introCompanionSuffix": " — short prose for the most common endpoints.",
    "introOpenApi": "GET /api/v1/openapi.json",
    "referenceLink": "dashboard API integration reference",
    "referencePrefix": "For the complete request/response contract of every endpoint the dashboard calls, see the ",
    "referenceSuffix": ".",
  },
  "footer": {
    "text": "AgentPay — machine-to-machine payments on Stellar. Pay per request.",
  },
  "home": {
    "description": "Machine-to-machine payment protocol on Stellar. Pay-per-request billing for AI agents and APIs.",
    "heading": "AgentPay",
    "links": {
      "agents": "Agents",
      "docs": "Docs",
      "services": "Manage services",
      "stats": "View stats",
      "stellar": "Stellar",
      "usage": "Record usage",
    },
    "quickLinksLabel": "Quick links",
  },
  "settings": {
    "appearance": {
      "description": "Choose a colour scheme. System follows your OS preference.",
      "heading": "Appearance",
    },
    "connection": {
      "description": "Resolved API base URL of the AgentPay backend.",
      "heading": "Connection",
      "label": "API Base URL",
    },
    "heading": "Settings",
  },
}
`;
